// Jest Snapshot v1, https://goo.gl/fbAQLP

exports[`code genertor element 1`] = `
"const { createElementVNode: _createElementVNode } = Vue
return function render(_ctx,_cache) {return _createElementVNode('div', null, null)}"
`;

exports[`code genertor element and interpolation 1`] = `
"const { toDisplayString: _toDisplayString, createElementVNode: _createElementVNode } = Vue
return function render(_ctx,_cache) {return _createElementVNode('div', null, 'hi,'+_toDisplayString(_ctx.msg))}"
`;

exports[`code genertor interpolation 1`] = `
"const { toDisplayString: _toDisplayString } = Vue
return function render(_ctx,_cache) {return _toDisplayString(message)}"
`;

exports[`code genertor string 1`] = `
"
return function render(_ctx,_cache) {return 'hi'}"
`;
